Microchip MPLAB XC8 Compiler V3.00

Linker command line:

-W-3 \
  --edf=C:\Program Files\Microchip\xc8\v3.00\pic\dat\20241204225717_en.msgs \
  -cn -h+dist/default/production\DISP_MAIN.X.production.sym \
  --cmf=dist/default/production\DISP_MAIN.X.production.cmf -z -Q18F4520 \
  -oC:\Users\WANGCH~1\AppData\Local\Temp\xcAsm44.\driver_tmp_3.o \
  --defsym=__MPLAB_BUILD=1 --fixupoverflow=error \
  -Mdist/default/production/DISP_MAIN.X.production.map \
  --md=C:\Users\WANGCH~1\AppData\Local\Temp\xcAsm44.\driver_tmp_0.dat -E1 \
  -ver=XC8 Compiler -ACODE=00h-07FFFh -ACONST=00h-07FFFh \
  -ASMALLCONST=0600h-06FFhx122 -AMEDIUMCONST=0600h-07FFFh -ACOMRAM=01h-07Fh \
  -AABS1=00h-05FFh -ABIGRAM=01h-05FFh -ARAM=080h-0FFh,0100h-01FFhx5 \
  -ABANK0=080h-0FFh -ABANK1=0100h-01FFh -ABANK2=0200h-02FFh \
  -ABANK3=0300h-03FFh -ABANK4=0400h-04FFh -ABANK5=0500h-05FFh \
  -ASFR=0F80h-0FFFh -ABIGSFR=0F80h-0FFFh -ACONFIG=0300000h-030000Dh \
  -AIDLOC=0200000h-0200007h -AEEDATA=0F00000h-0F000FFh -peeprom_data=EEDATA \
  -preset_vec=00h,intcode=8h,intcodelo=18h,sivt_lo,sivt_hi=CODE \
  -ppowerup=CODE,init -pramtop=0600h -psmallconst=SMALLCONST \
  -pmediumconst=MEDIUMCONST -pconst=CONST -AFARRAM=00h-00h \
  -prdata=COMRAM,nvrram=COMRAM,nvbit=COMRAM,rbss=COMRAM,rbit=COMRAM \
  -pfarbss=FARRAM,fardata=FARRAM,nvFARRAM=FARRAM \
  -pintsave_regs=BIGRAM,bigbss=BIGRAM,bigdata=BIGRAM -pbss=RAM \
  -pidata=CODE,irdata=CODE,ibigdata=CODE,ifardata=CODE -prparam=COMRAM \
  C:\Users\WANGCH~1\AppData\Local\Temp\xcAsm44.\driver_tmp_14.o \
  dist/default/production\DISP_MAIN.X.production.o 

Object code version is 3.11

Machine type is 18F4520



                Name                               Link     Load   Length Selector   Space Scale
C:\Users\WANGCH~1\AppData\Local\Temp\xcAsm44.\driver_tmp_14.o
                config                           300000   300000        8        0       4
                init                                  E        E        4        4       0
                reset_vec                             0        0        4        0       0
dist/default/production\DISP_MAIN.X.production.o
                intcode                               8        8        6        4       0
                config                           300000   300000        8        0       4
                temp                                 68       68        1        1       1
                smallconst                          600      600       8E      300       0
                intcode_body                        F9C      F9C       5C      347       0
                text22                              ED0      ED0       6E      347       0
                text21                             11A4     11A4       1E      347       0
                text20                             11C2     11C2       16      347       0
                text19                              F3E      F3E       5E      347       0
                text18                             1114     1114       2E      347       0
                text17                             11D8     11D8        C      347       0
                text16                             1186     1186       1E      347       0
                text15                             1168     1168       1E      347       0
                text14                              DB8      DB8       8E      347       0
                text13                              C80      C80       A4      347       0
                text12                             11E4     11E4        2      347       0
                text11                              BD6      BD6       AA      347       0
                text10                             1036     1036       3C      347       0
                text9                               E46      E46       8A      347       0
                text8                               A24      A24       F6      347       0
                text7                               8CC      8CC      158      347       0
                text6                               FF8      FF8       3E      347       0
                text5                              10E0     10E0       34      347       0
                text4                              1072     1072       3A      347       0
                text3                              10AC     10AC       34      347       0
                text2                               B1A      B1A       BC      347       0
                text1                               D24      D24       94      347       0
                text0                               68E      68E      23E      347       0
                cstackCOMRAM                          1        1       42        1       1
                bssBANK0                             80       80       20       80       1
                bssCOMRAM                            43       43       25        1       1
                cinit                              1142     1142       26      347       0

TOTAL           Name                               Link     Load   Length     Space
        CLASS   CODE           
                intcode                               8        8        6         0
                init                                  E        E        4         0
                reset_vec                             0        0        4         0
                intcode_body                        F9C      F9C       5C         0
                text22                              ED0      ED0       6E         0
                text21                             11A4     11A4       1E         0
                text20                             11C2     11C2       16         0
                text19                              F3E      F3E       5E         0
                text18                             1114     1114       2E         0
                text17                             11D8     11D8        C         0
                text16                             1186     1186       1E         0
                text15                             1168     1168       1E         0
                text14                              DB8      DB8       8E         0
                text13                              C80      C80       A4         0
                text12                             11E4     11E4        2         0
                text11                              BD6      BD6       AA         0
                text10                             1036     1036       3C         0
                text9                               E46      E46       8A         0
                text8                               A24      A24       F6         0
                text7                               8CC      8CC      158         0
                text6                               FF8      FF8       3E         0
                text5                              10E0     10E0       34         0
                text4                              1072     1072       3A         0
                text3                              10AC     10AC       34         0
                text2                               B1A      B1A       BC         0
                text1                               D24      D24       94         0
                text0                               68E      68E      23E         0
                cinit                              1142     1142       26         0

        CLASS   CONST          

        CLASS   SMALLCONST     
                smallconst                          600      600       8E         0

        CLASS   MEDIUMCONST    

        CLASS   COMRAM         
                temp                                 68       68        1         1
                cstackCOMRAM                          1        1       42         1
                bssCOMRAM                            43       43       25         1

        CLASS   ABS1           

        CLASS   BIGRAM         

        CLASS   RAM            

        CLASS   BANK0          
                bssBANK0                             80       80       20         1

        CLASS   BANK1          

        CLASS   BANK2          

        CLASS   BANK3          

        CLASS   BANK4          

        CLASS   BANK5          

        CLASS   SFR            

        CLASS   BIGSFR         

        CLASS   CONFIG         
                config                           300000   300000        8         4

        CLASS   IDLOC          

        CLASS   EEDATA         

        CLASS   FARRAM         

        CLASS   HEAP           

        CLASS   STACK          



SEGMENTS        Name                           Load    Length   Top    Selector   Space  Class

                reset_vec                      000000  000004  000004         0       0  CODE    
                cstackCOMRAM                   000001  000068  000069         1       1  COMRAM  
                intcode                        000008  00000A  000012         4       0  CODE    
                bssBANK0                       000080  000020  0000A0        80       1  BANK0   
                smallconst                     000600  00008E  00068E       300       0  SMALLCON
                text0                          00068E  000B58  0011E6       347       0  CODE    


UNUSED ADDRESS RANGES

        Name                Unused          Largest block    Delta
        BANK0            0000A0-0000FF               60
        BANK1            000100-0001FF              100
        BANK2            000200-0002FF              100
        BANK3            000300-0003FF              100
        BANK4            000400-0004FF              100
        BANK5            000500-0005FF              100
        BIGRAM           000069-00007F               17
                         0000A0-0005FF              560
        BIGSFR           000F80-000FFF               80
        CODE             000004-000007                4
                         000012-0005FF              5EE
                         0011E6-007FFF             6E1A
        COMRAM           000069-00007F               17
        CONFIG           300008-30000D                6
        CONST            000004-000007                4
                         000012-0005FF              5EE
                         0011E6-007FFF             6E1A
        EEDATA           F00000-F000FF              100
        IDLOC            200000-200007                8
        MEDIUMCONST      0011E6-007FFF             6E1A
        RAM              0000A0-0005FF              100
        SFR              000F80-000FFF               80
        SMALLCONST       0011E6-007FFF              100

                                  Symbol Table

?_read_prec_or_width            cstackCOMRAM 000004
?_sprintf                       cstackCOMRAM 000031
?_strchr                        cstackCOMRAM 000004
?_strlen                        cstackCOMRAM 000004
?_strncmp                       cstackCOMRAM 000004
?_strstr                        cstackCOMRAM 000009
?_vfprintf                      cstackCOMRAM 00002D
ISR@received                    cstackCOMRAM 000003
SelectIO@index                  cstackCOMRAM 000004
UART_SendChar@ch                cstackCOMRAM 000004
UART_SendString@str             cstackCOMRAM 000005
_BRG16                          (abs)        007DC3
_BRGH                           (abs)        007D62
_CREN                           (abs)        007D5C
_GIE                            (abs)        007F97
_ISR                            intcode      000008
_LATAbits                       (abs)        000F89
_LATBbits                       (abs)        000F8A
_LATCbits                       (abs)        000F8B
_LATD                           (abs)        000F8C
_LATEbits                       (abs)        000F8D
_PEIE                           (abs)        007F96
_PORTCbits                      (abs)        000F82
_RCIE                           (abs)        007CED
_RCIF                           (abs)        007CF5
_RCREG                          (abs)        000FAE
_SPBRG                          (abs)        000FAF
_SPEN                           (abs)        007D5F
_SYNC                           (abs)        007D64
_SelectIO                       text22       000ED0
_TRISAbits                      (abs)        000F92
_TRISBbits                      (abs)        000F93
_TRISC6                         (abs)        007CA6
_TRISC7                         (abs)        007CA7
_TRISCbits                      (abs)        000F94
_TRISEbits                      (abs)        000F96
_TXEN                           (abs)        007D65
_TXIF                           (abs)        007CF4
_TXREG                          (abs)        000FAD
_UART_Init                      text21       0011A4
_UART_SendChar                  text20       0011C2
_UART_SendString                text19       000F3E
__HRAM                          (abs)        000000
__H__absolute__                 __absolute__ 000000
__Habs1                         abs1         000000
__Hbank0                        bank0        000000
__Hbank1                        bank1        000000
__Hbank2                        bank2        000000
__Hbank3                        bank3        000000
__Hbank4                        bank4        000000
__Hbank5                        bank5        000000
__Hbigbss                       bigbss       000000
__Hbigdata                      bigdata      000000
__Hbigram                       bigram       000000
__Hbigsfr                       bigsfr       000000
__Hbss                          bss          000000
__HbssBANK0                     bssBANK0     000000
__HbssCOMRAM                    bssCOMRAM    000000
__Hcinit                        cinit        000000
__Hclrtext                      clrtext      000000
__Hcomram                       comram       000000
__Hconfig                       config       300008
__Hconst                        const        000000
__HcstackCOMRAM                 cstackCOMRAM 000000
__Hdata                         data         000000
__Heeprom_data                  eeprom_data  000000
__Hfarbss                       farbss       000000
__Hfardata                      fardata      000000
__Hheap                         heap         000000
__Hibigdata                     ibigdata     000000
__Hidata                        idata        000000
__Hidloc                        idloc        000000
__Hifardata                     ifardata     000000
__Hinit                         init         000012
__Hintcode                      intcode      00000E
__Hintcode_body                 intcode_body 000000
__Hintcodelo                    intcodelo    000018
__Hintentry                     intentry     000000
__Hintret                       intret       000000
__Hintsave_regs                 intsave_regs 000000
__Hirdata                       irdata       000000
__Hmediumconst                  mediumconst  000000
__HnvFARRAM                     nvFARRAM     000000
__Hnvbit                        nvbit        000000
__Hnvrram                       nvrram       000000
__Hparam                        rparam       000000
__Hpowerup                      powerup      000000
__Hram                          ram          000000
__Hramtop                       ramtop       000600
__Hrbit                         rbit         000000
__Hrbss                         rbss         000000
__Hrdata                        rdata        000000
__Hreset_vec                    reset_vec    000004
__Hrparam                       rparam       000000
__Hsfr                          sfr          000000
__Hsivt_hi                      sivt_hi      000000
__Hsivt_lo                      sivt_lo      000018
__Hsmallconst                   smallconst   00068E
__Hspace_0                      (abs)        0011E6
__Hspace_1                      (abs)        0000A0
__Hspace_2                      (abs)        000000
__Hspace_4                      (abs)        600008
__Hstack                        stack        000000
__Hstruct                       struct       000000
__Htemp                         temp         000069
__Htext                         text         000000
__Htext0                        text0        000000
__Htext1                        text1        000000
__Htext10                       text10       000000
__Htext11                       text11       000000
__Htext12                       text12       000000
__Htext13                       text13       000000
__Htext14                       text14       000000
__Htext15                       text15       000000
__Htext16                       text16       000000
__Htext17                       text17       000000
__Htext18                       text18       000000
__Htext19                       text19       000000
__Htext2                        text2        000000
__Htext20                       text20       000000
__Htext21                       text21       000000
__Htext22                       text22       000000
__Htext3                        text3        000000
__Htext4                        text4        000000
__Htext5                        text5        000000
__Htext6                        text6        000000
__Htext7                        text7        000000
__Htext8                        text8        000000
__Htext9                        text9        000000
__LRAM                          (abs)        000001
__L__absolute__                 __absolute__ 000000
__Labs1                         abs1         000000
__Lbank0                        bank0        000000
__Lbank1                        bank1        000000
__Lbank2                        bank2        000000
__Lbank3                        bank3        000000
__Lbank4                        bank4        000000
__Lbank5                        bank5        000000
__Lbigbss                       bigbss       000000
__Lbigdata                      bigdata      000000
__Lbigram                       bigram       000000
__Lbigsfr                       bigsfr       000000
__Lbss                          bss          000000
__LbssBANK0                     bssBANK0     000000
__LbssCOMRAM                    bssCOMRAM    000000
__Lcinit                        cinit        000000
__Lclrtext                      clrtext      000000
__Lcomram                       comram       000000
__Lconfig                       config       000000
__Lconst                        const        000000
__LcstackCOMRAM                 cstackCOMRAM 000000
__Ldata                         data         000000
__Leeprom_data                  eeprom_data  000000
__Lfarbss                       farbss       000000
__Lfardata                      fardata      000000
__Lheap                         heap         000000
__Libigdata                     ibigdata     000000
__Lidata                        idata        000000
__Lidloc                        idloc        000000
__Lifardata                     ifardata     000000
__Linit                         init         00000E
__Lintcode                      intcode      000008
__Lintcode_body                 intcode_body 000000
__Lintcodelo                    intcodelo    000018
__Lintentry                     intentry     000000
__Lintret                       intret       000000
__Lintsave_regs                 intsave_regs 000000
__Lirdata                       irdata       000000
__Lmediumconst                  mediumconst  000000
__LnvFARRAM                     nvFARRAM     000000
__Lnvbit                        nvbit        000000
__Lnvrram                       nvrram       000000
__Lparam                        rparam       000000
__Lpowerup                      powerup      000000
__Lram                          ram          000000
__Lramtop                       ramtop       000600
__Lrbit                         rbit         000000
__Lrbss                         rbss         000000
__Lrdata                        rdata        000000
__Lreset_vec                    reset_vec    000000
__Lrparam                       rparam       000000
__Lsfr                          sfr          000000
__Lsivt_hi                      sivt_hi      000000
__Lsivt_lo                      sivt_lo      000018
__Lsmallconst                   smallconst   000600
__Lspace_0                      (abs)        000000
__Lspace_1                      (abs)        000000
__Lspace_2                      (abs)        000000
__Lspace_4                      (abs)        000000
__Lstack                        stack        000000
__Lstruct                       struct       000000
__Ltemp                         temp         000068
__Ltext                         text         000000
__Ltext0                        text0        000000
__Ltext1                        text1        000000
__Ltext10                       text10       000000
__Ltext11                       text11       000000
__Ltext12                       text12       000000
__Ltext13                       text13       000000
__Ltext14                       text14       000000
__Ltext15                       text15       000000
__Ltext16                       text16       000000
__Ltext17                       text17       000000
__Ltext18                       text18       000000
__Ltext19                       text19       000000
__Ltext2                        text2        000000
__Ltext20                       text20       000000
__Ltext21                       text21       000000
__Ltext22                       text22       000000
__Ltext3                        text3        000000
__Ltext4                        text4        000000
__Ltext5                        text5        000000
__Ltext6                        text6        000000
__Ltext7                        text7        000000
__Ltext8                        text8        000000
__Ltext9                        text9        000000
__S0                            (abs)        0011E6
__S1                            (abs)        0000A0
__S4                            (abs)        000000
__S5                            (abs)        000000
___heap_hi                      (abs)        000000
___heap_lo                      (abs)        000000
___inthi_sp                     stack        000000
___inthi_stack_hi               stack        000000
___inthi_stack_lo               stack        000000
___intlo_sp                     stack        000000
___intlo_stack_hi               stack        000000
___intlo_stack_lo               stack        000000
___param_bank                   (abs)        000000
___rparam_used                  (abs)        000001
___sp                           stack        000000
___stack_hi                     stack        000000
___stack_lo                     stack        000000
__accesstop                     (abs)        000080
__activetblptr                  (abs)        000002
__end_of_ISR                    intcode_body 000FF8
__end_of_SelectIO               text22       000F3E
__end_of_UART_Init              text21       0011C2
__end_of_UART_SendChar          text20       0011D8
__end_of_UART_SendString        text19       000F9C
__end_of__initialization        cinit        00115A
__end_of_delay_ms               text18       001142
__end_of_fputc                  text11       000C80
__end_of_fputs                  text10       001072
__end_of_init_inputs_RC0_to_RC4 text17       0011E4
__end_of_init_ports             text16       0011A4
__end_of_latch_data             text15       001186
__end_of_main                   text0        0008CC
__end_of_pad                    text9        000ED0
__end_of_putch                  text12       0011E6
__end_of_read_RC_inputs         text14       000E46
__end_of_read_prec_or_width     text13       000D24
__end_of_sprintf                text5        001114
__end_of_strchr                 text4        0010AC
__end_of_strlen                 text3        0010E0
__end_of_strncmp                text2        000BD6
__end_of_strstr                 text1        000DB8
__end_of_vfpfcnvrt              text7        000A24
__end_of_vfprintf               text6        001036
__end_of_xtoa                   text8        000B1A
__initialization                cinit        001142
__mediumconst                   smallconst   000600
__pbssBANK0                     bssBANK0     000080
__pbssCOMRAM                    bssCOMRAM    000043
__pcinit                        cinit        001142
__pcstackCOMRAM                 cstackCOMRAM 000001
__pintcode                      intcode      000008
__pintcode_body                 intcode_body 000F9C
__psmallconst                   smallconst   000600
__ptext0                        text0        00068E
__ptext1                        text1        000D24
__ptext10                       text10       001036
__ptext11                       text11       000BD6
__ptext12                       text12       0011E4
__ptext13                       text13       000C80
__ptext14                       text14       000DB8
__ptext15                       text15       001168
__ptext16                       text16       001186
__ptext17                       text17       0011D8
__ptext18                       text18       001114
__ptext19                       text19       000F3E
__ptext2                        text2        000B1A
__ptext20                       text20       0011C2
__ptext21                       text21       0011A4
__ptext22                       text22       000ED0
__ptext3                        text3        0010AC
__ptext4                        text4        001072
__ptext5                        text5        0010E0
__ptext6                        text6        000FF8
__ptext7                        text7        0008CC
__ptext8                        text8        000A24
__ptext9                        text9        000E46
__ramtop                        ramtop       000600
__smallconst                    smallconst   000600
_buffer                         bssCOMRAM    00004A
_dbuf                           bssBANK0     000080
_delay_ms                       text18       001114
_flags                          bssCOMRAM    000047
_fputc                          text11       000BD6
_fputs                          text10       001036
_init_inputs_RC0_to_RC4         text17       0011D8
_init_ports                     text16       001186
_latch_data                     text15       001168
_main                           text0        00068E
_pad                            text9        000E46
_prec                           bssCOMRAM    000045
_putch                          text12       0011E4
_read_RC_inputs                 text14       000DB8
_read_prec_or_width             text13       000C80
_sprintf                        text5        0010E0
_strchr                         text4        001072
_strlen                         text3        0010AC
_strncmp                        text2        000B1A
_strstr                         text1        000D24
_uart_frame_ready               bssCOMRAM    000049
_uart_rx_buffer                 bssCOMRAM    00005E
_uart_rx_index                  bssCOMRAM    000048
_vfpfcnvrt                      text7        0008CC
_vfprintf                       text6        000FF8
_width                          bssCOMRAM    000043
_xtoa                           text8        000A24
btemp                           temp         000068
delay_ms@ms                     cstackCOMRAM 000004
end_of_initialization           cinit        00115A
fputc@c                         cstackCOMRAM 000004
fputc@fp                        cstackCOMRAM 000006
fputs@c                         cstackCOMRAM 00000E
fputs@fp                        cstackCOMRAM 00000D
fputs@i                         cstackCOMRAM 00000F
fputs@s                         cstackCOMRAM 00000C
int$flags                       temp         000068
int_func                        intcode_body 000F9C
intlevel0                       text         000000
intlevel1                       text         000000
intlevel2                       text         000000
intlevel3                       text         000000
isa$std                         (abs)        000001
isa$xinst                       (abs)        000000
latch_data@seg_data             cstackCOMRAM 000004
main@i                          cstackCOMRAM 000042
main@rc_input                   cstackCOMRAM 000041
pad@buf                         cstackCOMRAM 000012
pad@fp                          cstackCOMRAM 000011
pad@i                           cstackCOMRAM 000016
pad@p                           cstackCOMRAM 000013
read_RC_inputs@result           cstackCOMRAM 000005
read_prec_or_width@ap           cstackCOMRAM 000005
read_prec_or_width@c            cstackCOMRAM 000008
read_prec_or_width@fmt          cstackCOMRAM 000004
read_prec_or_width@n            cstackCOMRAM 000009
sprintf@ap                      cstackCOMRAM 000035
sprintf@f                       cstackCOMRAM 000036
sprintf@fmt                     cstackCOMRAM 000032
sprintf@s                       cstackCOMRAM 000031
stackhi                         (abs)        000000
stacklo                         (abs)        000000
start                           init         00000E
start_initialization            cinit        001142
strchr@c                        cstackCOMRAM 000005
strchr@s                        cstackCOMRAM 000004
strlen@a                        cstackCOMRAM 000006
strlen@s                        cstackCOMRAM 000004
strncmp@l                       cstackCOMRAM 000004
strncmp@n                       cstackCOMRAM 000006
strncmp@r                       cstackCOMRAM 000005
strstr@h                        cstackCOMRAM 000009
strstr@n                        cstackCOMRAM 00000A
strstr@nl                       cstackCOMRAM 00000B
ttemp5                          temp         000069
ttemp6                          temp         00006C
ttemp7                          temp         000070
vfpfcnvrt@ap                    cstackCOMRAM 000026
vfpfcnvrt@convarg               cstackCOMRAM 000027
vfpfcnvrt@cp                    cstackCOMRAM 00002C
vfpfcnvrt@done                  cstackCOMRAM 00002B
vfpfcnvrt@fmt                   cstackCOMRAM 000025
vfpfcnvrt@fp                    cstackCOMRAM 000024
vfprintf@ap                     cstackCOMRAM 00002F
vfprintf@cfmt                   cstackCOMRAM 000030
vfprintf@fmt                    cstackCOMRAM 00002E
vfprintf@fp                     cstackCOMRAM 00002D
wtemp8                          temp         000069
xtoa@c                          cstackCOMRAM 000021
xtoa@d                          cstackCOMRAM 000019
xtoa@fp                         cstackCOMRAM 000018
xtoa@i                          cstackCOMRAM 000022
xtoa@p                          cstackCOMRAM 00001E
xtoa@w                          cstackCOMRAM 00001F


MODULE INFORMATION

Module		Function		Class		Link	Load	Size
C:\Program Files\Microchip\xc8\v3.00\pic\sources\c99\common\nf_fputc.c
		_fputc         		CODE           	0BD6	0000	170

C:\Program Files\Microchip\xc8\v3.00\pic\sources\c99\common\nf_fputc.c estimated size: 170

C:\Program Files\Microchip\xc8\v3.00\pic\sources\c99\common\strstr.c
		_strstr        		CODE           	0D24	0000	148

C:\Program Files\Microchip\xc8\v3.00\pic\sources\c99\common\strstr.c estimated size: 148

C:\Program Files\Microchip\xc8\v3.00\pic\sources\c99\common\nf_sprintf.c
		_sprintf       		CODE           	10E0	0000	52

C:\Program Files\Microchip\xc8\v3.00\pic\sources\c99\common\nf_sprintf.c estimated size: 52

C:\Program Files\Microchip\xc8\v3.00\pic\sources\c99\common\putch.c
		_putch         		CODE           	11E4	0000	2

C:\Program Files\Microchip\xc8\v3.00\pic\sources\c99\common\putch.c estimated size: 2

C:\Program Files\Microchip\xc8\v3.00\pic\sources\c99\common\strncmp.c
		_strncmp       		CODE           	0B1A	0000	188

C:\Program Files\Microchip\xc8\v3.00\pic\sources\c99\common\strncmp.c estimated size: 188

u_uart.c
		_UART_SendString		CODE           	0F3E	0000	94
		_ISR           		CODE           	0008	0000	98
		_UART_Init     		CODE           	11A4	0000	30
		_UART_SendChar 		CODE           	11C2	0000	22

u_uart.c estimated size: 244

shared
		__initialization		CODE           	1142	0000	24

shared estimated size: 24

C:\Program Files\Microchip\xc8\v3.00\pic\sources\c99\common\nf_fputs.c
		_fputs         		CODE           	1036	0000	60

C:\Program Files\Microchip\xc8\v3.00\pic\sources\c99\common\nf_fputs.c estimated size: 60

C:\Program Files\Microchip\xc8\v3.00\pic\sources\c99\common\strlen.c
		_strlen        		CODE           	10AC	0000	52

C:\Program Files\Microchip\xc8\v3.00\pic\sources\c99\common\strlen.c estimated size: 52

C:\Program Files\Microchip\xc8\v3.00\pic\sources\c99\common\strchr.c
		_strchr        		CODE           	1072	0000	58

C:\Program Files\Microchip\xc8\v3.00\pic\sources\c99\common\strchr.c estimated size: 58

main.c
		_read_RC_inputs		CODE           	0DB8	0000	142
		_latch_data    		CODE           	1168	0000	30
		_init_inputs_RC0_to_RC4		CODE           	11D8	0000	12
		_main          		CODE           	068E	0000	574
		_init_ports    		CODE           	1186	0000	30
		_SelectIO      		CODE           	0ED0	0000	110
		_delay_ms      		CODE           	1114	0000	46

main.c estimated size: 944

C:\Program Files\Microchip\xc8\v3.00\pic\sources\c99\common\doprnt.c
		_read_prec_or_width		CODE           	0C80	0000	164
		_vfpfcnvrt     		CODE           	08CC	0000	344
		_pad           		CODE           	0E46	0000	138
		_vfprintf      		CODE           	0FF8	0000	62
		_xtoa          		CODE           	0A24	0000	246

C:\Program Files\Microchip\xc8\v3.00\pic\sources\c99\common\doprnt.c estimated size: 954

