Microchip MPLAB XC8 Compiler V3.00

Linker command line:

-W-3 \
  --edf=C:\Program Files\Microchip\xc8\v3.00\pic\dat\20241204225717_en.msgs \
  -cn -h+dist/default/debug\DISP_MAIN.X.debug.sym \
  --cmf=dist/default/debug\DISP_MAIN.X.debug.cmf -z -Q18F4520 \
  -oC:\Users\WANGCH~1\AppData\Local\Temp\xcAs2ck.\driver_tmp_3.o \
  --defsym=__MPLAB_BUILD=1 --fixupoverflow=error \
  -Mdist/default/debug/DISP_MAIN.X.debug.map \
  --md=C:\Users\WANGCH~1\AppData\Local\Temp\xcAs2ck.\driver_tmp_0.dat -E1 \
  -ver=XC8 Compiler -ACODE=00h-07D3Fh -ACONST=00h-07D3Fh \
  -ASMALLCONST=0600h-06FFhx119,07D00h-07D3Fh -AMEDIUMCONST=0600h-07D3Fh \
  -ACOMRAM=01h-07Fh -AABS1=00h-05EEh -ABIGRAM=01h-05EEh \
  -ARAM=080h-0FFh,0100h-01FFhx4,0500h-05EEh -ABANK0=080h-0FFh \
  -ABANK1=0100h-01FFh -ABANK2=0200h-02FFh -ABANK3=0300h-03FFh \
  -ABANK4=0400h-04FFh -ABANK5=0500h-05EEh \
  -ASFR=0F80h-0F9Bh,0F9Dh-0FD3h,0FD5h-0FDAh,0FE0h-0FE2h,0FE8h-0FEAh,0FF0h-0FFBh \
  -ABIGSFR=0F80h-0F9Bh,0F9Dh-0FD3h,0FD5h-0FDAh,0FE0h-0FE2h,0FE8h-0FEAh,0FF0h-0FFBh \
  -ACONFIG=0300000h-030000Dh -AIDLOC=0200000h-0200007h \
  -AEEDATA=0F00000h-0F000FFh -peeprom_data=EEDATA \
  -preset_vec=00h,intcode=8h,intcodelo=18h,sivt_lo,sivt_hi=CODE \
  -ppowerup=CODE,init -pramtop=0600h -psmallconst=SMALLCONST \
  -pmediumconst=MEDIUMCONST -pconst=CONST -AFARRAM=00h-00h \
  -prdata=COMRAM,nvrram=COMRAM,nvbit=COMRAM,rbss=COMRAM,rbit=COMRAM \
  -pfarbss=FARRAM,fardata=FARRAM,nvFARRAM=FARRAM \
  -pintsave_regs=BIGRAM,bigbss=BIGRAM,bigdata=BIGRAM -pbss=RAM \
  -pidata=CODE,irdata=CODE,ibigdata=CODE,ifardata=CODE -prparam=COMRAM \
  C:\Users\WANGCH~1\AppData\Local\Temp\xcAs2ck.\driver_tmp_9.o \
  dist/default/debug\DISP_MAIN.X.debug.o 

Object code version is 3.11

Machine type is 18F4520



                Name                               Link     Load   Length Selector   Space Scale
C:\Users\WANGCH~1\AppData\Local\Temp\xcAs2ck.\driver_tmp_9.o
                config                           300000   300000        8        0       4
                init                                  E        E        4        4       0
                reset_vec                             0        0        6        0       0
dist/default/debug\DISP_MAIN.X.debug.o
                intcode                               8        8        6        4       0
                config                           300000   300000        8        0       4
                temp                                 2F       2F        1        1       1
                mediumconst                        7CEA     7CEA       56     3E75       0
                intcode_body                        36E      36E       5C        4       0
                text12                              300      300       6E        4       0
                text11                              4C0      4C0       1E        4       0
                text10                              50E      50E       16        4       0
                text9                               43E      43E       36        4       0
                text8                               474      474       2E        4       0
                text7                               524      524        E        4       0
                text6                               4F8      4F8       16        4       0
                text5                               4A2      4A2       1E        4       0
                text4                               404      404       3A        4       0
                text3                               3CA      3CA       3A        4       0
                text2                               1A4      1A4       BE        4       0
                text1                               262      262       9E        4       0
                text0                                12       12      192        4       0
                cstackCOMRAM                         21       21        E        1       1
                bssCOMRAM                             1        1       20        1       1
                cinit                               4DE      4DE       1A        4       0

TOTAL           Name                               Link     Load   Length     Space
        CLASS   CODE           
                intcode                               8        8        6         0
                init                                  E        E        4         0
                reset_vec                             0        0        6         0
                intcode_body                        36E      36E       5C         0
                text12                              300      300       6E         0
                text11                              4C0      4C0       1E         0
                text10                              50E      50E       16         0
                text9                               43E      43E       36         0
                text8                               474      474       2E         0
                text7                               524      524        E         0
                text6                               4F8      4F8       16         0
                text5                               4A2      4A2       1E         0
                text4                               404      404       3A         0
                text3                               3CA      3CA       3A         0
                text2                               1A4      1A4       BE         0
                text1                               262      262       9E         0
                text0                                12       12      192         0
                cinit                               4DE      4DE       1A         0

        CLASS   CONST          

        CLASS   SMALLCONST     

        CLASS   MEDIUMCONST    
                mediumconst                        7CEA     7CEA       56         0

        CLASS   COMRAM         
                temp                                 2F       2F        1         1
                cstackCOMRAM                         21       21        E         1
                bssCOMRAM                             1        1       20         1

        CLASS   ABS1           

        CLASS   BIGRAM         

        CLASS   RAM            

        CLASS   BANK0          

        CLASS   BANK1          

        CLASS   BANK2          

        CLASS   BANK3          

        CLASS   BANK4          

        CLASS   BANK5          

        CLASS   SFR            

        CLASS   BIGSFR         

        CLASS   CONFIG         
                config                           300000   300000        8         4

        CLASS   IDLOC          

        CLASS   EEDATA         

        CLASS   FARRAM         

        CLASS   HEAP           

        CLASS   STACK          



SEGMENTS        Name                           Load    Length   Top    Selector   Space  Class

                reset_vec                      000000  000006  000006         0       0  CODE    
                bssCOMRAM                      000001  00002F  000030         1       1  COMRAM  
                intcode                        000008  00052A  000532         4       0  CODE    
                mediumconst                    007CEA  000056  007D40      3E75       0  MEDIUMCO


UNUSED ADDRESS RANGES

        Name                Unused          Largest block    Delta
        BANK0            000080-0000FF               80
        BANK1            000100-0001FF              100
        BANK2            000200-0002FF              100
        BANK3            000300-0003FF              100
        BANK4            000400-0004FF              100
        BANK5            000500-0005EE               EF
        BIGRAM           000030-0005EE              5BF
        BIGSFR           000F80-000F9B               1C
                         000F9D-000FD3               37
                         000FD5-000FDA                6
                         000FE0-000FE2                3
                         000FE8-000FEA                3
                         000FF0-000FFB                C
        CODE             000006-000007                2
                         000532-007CE9             77B8
        COMRAM           000030-00007F               50
        CONFIG           300008-30000D                6
        CONST            000006-000007                2
                         000532-007CE9             77B8
        EEDATA           F00000-F000FF              100
        IDLOC            200000-200007                8
        MEDIUMCONST      000600-007CE9             76EA
        RAM              000080-0005EE              100
        SFR              000F80-000F9B               1C
                         000F9D-000FD3               37
                         000FD5-000FDA                6
                         000FE0-000FE2                3
                         000FE8-000FEA                3
                         000FF0-000FFB                C
        SMALLCONST       000600-007CE9              100

                                  Symbol Table

?_strchr                        cstackCOMRAM 000024
?_strlen                        cstackCOMRAM 000024
?_strncmp                       cstackCOMRAM 000024
?_strstr                        cstackCOMRAM 00002A
ISR@received                    cstackCOMRAM 000023
SelectIO@index                  cstackCOMRAM 000024
UART_SendChar@ch                cstackCOMRAM 000024
UART_SendString@str             cstackCOMRAM 000025
_BRG16                          (abs)        007DC3
_BRGH                           (abs)        007D62
_CREN                           (abs)        007D5C
_GIE                            (abs)        007F97
_ISR                            intcode      000008
_LATAbits                       (abs)        000F89
_LATBbits                       (abs)        000F8A
_LATD                           (abs)        000F8C
_LATEbits                       (abs)        000F8D
_PEIE                           (abs)        007F96
_PORTCbits                      (abs)        000F82
_RCIE                           (abs)        007CED
_RCIF                           (abs)        007CF5
_RCREG                          (abs)        000FAE
_SPBRG                          (abs)        000FAF
_SPEN                           (abs)        007D5F
_SYNC                           (abs)        007D64
_SelectIO                       text12       000300
_TRISAbits                      (abs)        000F92
_TRISBbits                      (abs)        000F93
_TRISC6                         (abs)        007CA6
_TRISC7                         (abs)        007CA7
_TRISCbits                      (abs)        000F94
_TRISEbits                      (abs)        000F96
_TXEN                           (abs)        007D65
_TXIF                           (abs)        007CF4
_TXREG                          (abs)        000FAD
_UART_Init                      text11       0004C0
_UART_SendChar                  text10       00050E
_UART_SendString                text9        00043E
__HRAM                          (abs)        000000
__H__absolute__                 __absolute__ 000000
__Habs1                         abs1         000000
__Hbank0                        bank0        000000
__Hbank1                        bank1        000000
__Hbank2                        bank2        000000
__Hbank3                        bank3        000000
__Hbank4                        bank4        000000
__Hbank5                        bank5        000000
__Hbigbss                       bigbss       000000
__Hbigdata                      bigdata      000000
__Hbigram                       bigram       000000
__Hbigsfr                       bigsfr       000000
__Hbss                          bss          000000
__HbssCOMRAM                    bssCOMRAM    000000
__Hcinit                        cinit        000000
__Hclrtext                      clrtext      000000
__Hcomram                       comram       000000
__Hconfig                       config       300008
__Hconst                        const        000000
__HcstackCOMRAM                 cstackCOMRAM 000000
__Hdata                         data         000000
__Heeprom_data                  eeprom_data  000000
__Hfarbss                       farbss       000000
__Hfardata                      fardata      000000
__Hheap                         heap         000000
__Hibigdata                     ibigdata     000000
__Hidata                        idata        000000
__Hidloc                        idloc        000000
__Hifardata                     ifardata     000000
__Hinit                         init         000012
__Hintcode                      intcode      00000E
__Hintcode_body                 intcode_body 000000
__Hintcodelo                    intcodelo    000018
__Hintentry                     intentry     000000
__Hintret                       intret       000000
__Hintsave_regs                 intsave_regs 000000
__Hirdata                       irdata       000000
__Hmediumconst                  mediumconst  007D40
__HnvFARRAM                     nvFARRAM     000000
__Hnvbit                        nvbit        000000
__Hnvrram                       nvrram       000000
__Hparam                        rparam       000000
__Hpowerup                      powerup      000000
__Hram                          ram          000000
__Hramtop                       ramtop       000600
__Hrbit                         rbit         000000
__Hrbss                         rbss         000000
__Hrdata                        rdata        000000
__Hreset_vec                    reset_vec    000006
__Hrparam                       rparam       000000
__Hsfr                          sfr          000000
__Hsivt_hi                      sivt_hi      000000
__Hsivt_lo                      sivt_lo      000018
__Hsmallconst                   smallconst   000000
__Hspace_0                      (abs)        007D40
__Hspace_1                      (abs)        000030
__Hspace_2                      (abs)        000000
__Hspace_4                      (abs)        600008
__Hstack                        stack        000000
__Hstruct                       struct       000000
__Htemp                         temp         000030
__Htext                         text         000000
__Htext0                        text0        000000
__Htext1                        text1        000000
__Htext10                       text10       000000
__Htext11                       text11       000000
__Htext12                       text12       000000
__Htext2                        text2        000000
__Htext3                        text3        000000
__Htext4                        text4        000000
__Htext5                        text5        000000
__Htext6                        text6        000000
__Htext7                        text7        000000
__Htext8                        text8        000000
__Htext9                        text9        000000
__LRAM                          (abs)        000001
__L__absolute__                 __absolute__ 000000
__Labs1                         abs1         000000
__Lbank0                        bank0        000000
__Lbank1                        bank1        000000
__Lbank2                        bank2        000000
__Lbank3                        bank3        000000
__Lbank4                        bank4        000000
__Lbank5                        bank5        000000
__Lbigbss                       bigbss       000000
__Lbigdata                      bigdata      000000
__Lbigram                       bigram       000000
__Lbigsfr                       bigsfr       000000
__Lbss                          bss          000000
__LbssCOMRAM                    bssCOMRAM    000000
__Lcinit                        cinit        000000
__Lclrtext                      clrtext      000000
__Lcomram                       comram       000000
__Lconfig                       config       000000
__Lconst                        const        000000
__LcstackCOMRAM                 cstackCOMRAM 000000
__Ldata                         data         000000
__Leeprom_data                  eeprom_data  000000
__Lfarbss                       farbss       000000
__Lfardata                      fardata      000000
__Lheap                         heap         000000
__Libigdata                     ibigdata     000000
__Lidata                        idata        000000
__Lidloc                        idloc        000000
__Lifardata                     ifardata     000000
__Linit                         init         00000E
__Lintcode                      intcode      000008
__Lintcode_body                 intcode_body 000000
__Lintcodelo                    intcodelo    000018
__Lintentry                     intentry     000000
__Lintret                       intret       000000
__Lintsave_regs                 intsave_regs 000000
__Lirdata                       irdata       000000
__Lmediumconst                  mediumconst  007CEA
__LnvFARRAM                     nvFARRAM     000000
__Lnvbit                        nvbit        000000
__Lnvrram                       nvrram       000000
__Lparam                        rparam       000000
__Lpowerup                      powerup      000000
__Lram                          ram          000000
__Lramtop                       ramtop       000600
__Lrbit                         rbit         000000
__Lrbss                         rbss         000000
__Lrdata                        rdata        000000
__Lreset_vec                    reset_vec    000000
__Lrparam                       rparam       000000
__Lsfr                          sfr          000000
__Lsivt_hi                      sivt_hi      000000
__Lsivt_lo                      sivt_lo      000018
__Lsmallconst                   smallconst   000000
__Lspace_0                      (abs)        000000
__Lspace_1                      (abs)        000000
__Lspace_2                      (abs)        000000
__Lspace_4                      (abs)        000000
__Lstack                        stack        000000
__Lstruct                       struct       000000
__Ltemp                         temp         00002F
__Ltext                         text         000000
__Ltext0                        text0        000000
__Ltext1                        text1        000000
__Ltext10                       text10       000000
__Ltext11                       text11       000000
__Ltext12                       text12       000000
__Ltext2                        text2        000000
__Ltext3                        text3        000000
__Ltext4                        text4        000000
__Ltext5                        text5        000000
__Ltext6                        text6        000000
__Ltext7                        text7        000000
__Ltext8                        text8        000000
__Ltext9                        text9        000000
__S0                            (abs)        007D40
__S1                            (abs)        000030
__S4                            (abs)        000000
__S5                            (abs)        000000
___heap_hi                      (abs)        000000
___heap_lo                      (abs)        000000
___inthi_sp                     stack        000000
___inthi_stack_hi               stack        000000
___inthi_stack_lo               stack        000000
___intlo_sp                     stack        000000
___intlo_stack_hi               stack        000000
___intlo_stack_lo               stack        000000
___param_bank                   (abs)        000000
___rparam_used                  (abs)        000001
___sp                           stack        000000
___stack_hi                     stack        000000
___stack_lo                     stack        000000
__accesstop                     (abs)        000080
__activetblptr                  (abs)        000002
__end_of_ISR                    intcode_body 0003CA
__end_of_SelectIO               text12       00036E
__end_of_UART_Init              text11       0004DE
__end_of_UART_SendChar          text10       000524
__end_of_UART_SendString        text9        000474
__end_of__initialization        cinit        0004EA
__end_of_delay_ms               text8        0004A2
__end_of_init_inputs_RC0_to_RC5 text7        000532
__end_of_init_ports             text6        00050E
__end_of_latch_data             text5        0004C0
__end_of_main                   text0        0001A4
__end_of_strchr                 text4        00043E
__end_of_strlen                 text3        000404
__end_of_strncmp                text2        000262
__end_of_strstr                 text1        000300
__initialization                cinit        0004DE
__mediumconst                   mediumconst  007CEA
__pbssCOMRAM                    bssCOMRAM    000001
__pcinit                        cinit        0004DE
__pcstackCOMRAM                 cstackCOMRAM 000021
__pintcode                      intcode      000008
__pintcode_body                 intcode_body 00036E
__pmediumconst                  mediumconst  007CEA
__ptext0                        text0        000012
__ptext1                        text1        000262
__ptext10                       text10       00050E
__ptext11                       text11       0004C0
__ptext12                       text12       000300
__ptext2                        text2        0001A4
__ptext3                        text3        0003CA
__ptext4                        text4        000404
__ptext5                        text5        0004A2
__ptext6                        text6        0004F8
__ptext7                        text7        000524
__ptext8                        text8        000474
__ptext9                        text9        00043E
__ramtop                        ramtop       000600
__smallconst                    mediumconst  007CEA
_buffer                         bssCOMRAM    000001
_delay_ms                       text8        000474
_init_inputs_RC0_to_RC5         text7        000524
_init_ports                     text6        0004F8
_latch_data                     text5        0004A2
_main                           text0        000012
_strchr                         text4        000404
_strlen                         text3        0003CA
_strncmp                        text2        0001A4
_strstr                         text1        000262
_uart_frame_ready               bssCOMRAM    000016
_uart_rx_buffer                 bssCOMRAM    000017
_uart_rx_index                  bssCOMRAM    000015
btemp                           temp         00002F
delay_ms@ms                     cstackCOMRAM 000024
end_of_initialization           cinit        0004EA
int$flags                       temp         00002F
int_func                        intcode_body 00036E
intlevel0                       text         000000
intlevel1                       text         000000
intlevel2                       text         000000
intlevel3                       text         000000
isa$std                         (abs)        000001
isa$xinst                       (abs)        000000
latch_data@seg_data             cstackCOMRAM 000024
stackhi                         (abs)        000000
stacklo                         (abs)        000000
start                           init         00000E
start_initialization            cinit        0004DE
strchr@c                        cstackCOMRAM 000025
strchr@s                        cstackCOMRAM 000024
strlen@a                        cstackCOMRAM 000026
strlen@s                        cstackCOMRAM 000024
strncmp@l                       cstackCOMRAM 000024
strncmp@n                       cstackCOMRAM 000027
strncmp@r                       cstackCOMRAM 000025
strstr@h                        cstackCOMRAM 00002A
strstr@n                        cstackCOMRAM 00002B
strstr@nl                       cstackCOMRAM 00002D
ttemp5                          temp         000030
ttemp6                          temp         000033
ttemp7                          temp         000037
wtemp8                          temp         000030


MODULE INFORMATION

Module		Function		Class		Link	Load	Size
C:\Program Files\Microchip\xc8\v3.00\pic\sources\c99\common\strstr.c
		_strstr        		CODE           	0262	0000	158

C:\Program Files\Microchip\xc8\v3.00\pic\sources\c99\common\strstr.c estimated size: 158

C:\Program Files\Microchip\xc8\v3.00\pic\sources\c99\common\strncmp.c
		_strncmp       		CODE           	01A4	0000	190

C:\Program Files\Microchip\xc8\v3.00\pic\sources\c99\common\strncmp.c estimated size: 190

u_uart.c
		_UART_SendString		CODE           	043E	0000	54
		_ISR           		CODE           	0008	0000	98
		_UART_Init     		CODE           	04C0	0000	30
		_UART_SendChar 		CODE           	050E	0000	22

u_uart.c estimated size: 204

shared
		__initialization		CODE           	04DE	0000	12

shared estimated size: 12

C:\Program Files\Microchip\xc8\v3.00\pic\sources\c99\common\strlen.c
		_strlen        		CODE           	03CA	0000	58

C:\Program Files\Microchip\xc8\v3.00\pic\sources\c99\common\strlen.c estimated size: 58

C:\Program Files\Microchip\xc8\v3.00\pic\sources\c99\common\strchr.c
		_strchr        		CODE           	0404	0000	58

C:\Program Files\Microchip\xc8\v3.00\pic\sources\c99\common\strchr.c estimated size: 58

main.c
		_latch_data    		CODE           	04A2	0000	30
		_main          		CODE           	0012	0000	402
		_init_ports    		CODE           	04F8	0000	22
		_init_inputs_RC0_to_RC5		CODE           	0524	0000	14
		_SelectIO      		CODE           	0300	0000	110
		_delay_ms      		CODE           	0474	0000	46

main.c estimated size: 624

